{"timestamp":"2026-05-27T10:02:18+00:00","message":"Order creation failed","context":{"error":"SQLSTATE[HY000]: General error: 1 table order_items has no column named product_name","cart":[{"product_id":1,"variant_id":1,"qty":1,"unit_price":9000}],"user_id":1}}
{"timestamp":"2026-05-27T10:02:18+00:00","message":"Order creation failed","context":{"error":"SQLSTATE[HY000]: General error: 1 table order_items has no column named product_name","cart":[{"product_id":1,"variant_id":1,"qty":100,"unit_price":9000}],"user_id":1}}
{"timestamp":"2026-05-27T10:02:18+00:00","message":"Order creation failed","context":{"error":"SQLSTATE[HY000]: General error: 1 table order_items has no column named product_name","cart":[{"product_id":1,"variant_id":1,"qty":8,"unit_price":9000}],"user_id":1}}
{"timestamp":"2026-05-27T10:02:18+00:00","message":"Order creation failed","context":{"error":"SQLSTATE[HY000]: General error: 1 table order_items has no column named product_name","cart":[{"product_id":1,"variant_id":1,"qty":5,"unit_price":9000}],"user_id":2}}
{"timestamp":"2026-05-27T10:02:18+00:00","message":"Order creation failed","context":{"error":"SQLSTATE[HY000]: General error: 1 table order_items has no column named product_name","cart":[{"product_id":1,"variant_id":1,"qty":2,"unit_price":9000}],"user_id":1}}
{"timestamp":"2026-05-27T10:02:18+00:00","message":"Order creation failed","context":{"error":"SQLSTATE[HY000]: General error: 1 table order_items has no column named product_name","cart":[{"product_id":1,"variant_id":1,"qty":3,"unit_price":9000}],"user_id":1}}
{"timestamp":"2026-05-27T10:02:18+00:00","message":"Order creation failed","context":{"error":"SQLSTATE[HY000]: General error: 1 table order_items has no column named product_name","cart":[{"product_id":1,"variant_id":1,"qty":1,"unit_price":9000}],"user_id":1}}
{"timestamp":"2026-05-27T10:04:50+00:00","message":"Order creation failed","context":{"error":"SQLSTATE[HY000]: General error: 1 table order_items has no column named price","cart":[{"product_id":1,"variant_id":1,"qty":1,"unit_price":9000}],"user_id":1}}
{"timestamp":"2026-05-27T10:04:50+00:00","message":"Order creation failed","context":{"error":"SQLSTATE[HY000]: General error: 1 table order_items has no column named price","cart":[{"product_id":1,"variant_id":1,"qty":100,"unit_price":9000}],"user_id":1}}
{"timestamp":"2026-05-27T10:04:50+00:00","message":"Order creation failed","context":{"error":"SQLSTATE[HY000]: General error: 1 table order_items has no column named price","cart":[{"product_id":1,"variant_id":1,"qty":8,"unit_price":9000}],"user_id":1}}
{"timestamp":"2026-05-27T10:04:50+00:00","message":"Order creation failed","context":{"error":"SQLSTATE[HY000]: General error: 1 table order_items has no column named price","cart":[{"product_id":1,"variant_id":1,"qty":5,"unit_price":9000}],"user_id":2}}
{"timestamp":"2026-05-27T10:04:50+00:00","message":"Order creation failed","context":{"error":"SQLSTATE[HY000]: General error: 1 table order_items has no column named price","cart":[{"product_id":1,"variant_id":1,"qty":2,"unit_price":9000}],"user_id":1}}
{"timestamp":"2026-05-27T10:04:50+00:00","message":"Order creation failed","context":{"error":"SQLSTATE[HY000]: General error: 1 table order_items has no column named price","cart":[{"product_id":1,"variant_id":1,"qty":3,"unit_price":9000}],"user_id":1}}
{"timestamp":"2026-05-27T10:04:50+00:00","message":"Order creation failed","context":{"error":"SQLSTATE[HY000]: General error: 1 table order_items has no column named price","cart":[{"product_id":1,"variant_id":1,"qty":1,"unit_price":9000}],"user_id":1}}
{"timestamp":"2026-05-27T10:10:29+00:00","message":"Order creation failed","context":{"error":"SQLSTATE[HY000]: General error: 1 near \"FOR\": syntax error","cart":[{"product_id":1,"variant_id":1,"qty":1,"unit_price":9000}],"user_id":1}}
{"timestamp":"2026-05-27T10:10:29+00:00","message":"Order creation failed","context":{"error":"SQLSTATE[HY000]: General error: 1 near \"FOR\": syntax error","cart":[{"product_id":1,"variant_id":1,"qty":100,"unit_price":9000}],"user_id":1}}
{"timestamp":"2026-05-27T10:10:29+00:00","message":"Order creation failed","context":{"error":"SQLSTATE[HY000]: General error: 1 near \"FOR\": syntax error","cart":[{"product_id":1,"variant_id":1,"qty":8,"unit_price":9000}],"user_id":1}}
{"timestamp":"2026-05-27T10:10:29+00:00","message":"Order creation failed","context":{"error":"SQLSTATE[HY000]: General error: 1 near \"FOR\": syntax error","cart":[{"product_id":1,"variant_id":1,"qty":5,"unit_price":9000}],"user_id":2}}
{"timestamp":"2026-05-27T10:10:29+00:00","message":"Order creation failed","context":{"error":"SQLSTATE[HY000]: General error: 1 near \"FOR\": syntax error","cart":[{"product_id":1,"variant_id":1,"qty":2,"unit_price":9000}],"user_id":1}}
{"timestamp":"2026-05-27T10:10:29+00:00","message":"Order creation failed","context":{"error":"SQLSTATE[HY000]: General error: 1 near \"FOR\": syntax error","cart":[{"product_id":1,"variant_id":1,"qty":3,"unit_price":9000}],"user_id":1}}
{"timestamp":"2026-05-27T10:10:29+00:00","message":"Order creation failed","context":{"error":"SQLSTATE[HY000]: General error: 1 near \"FOR\": syntax error","cart":[{"product_id":1,"variant_id":1,"qty":1,"unit_price":9000}],"user_id":1}}
{"timestamp":"2026-05-27T10:11:31+00:00","message":"Order creation failed","context":{"error":"SQLSTATE[HY000]: General error: 1 no such function: NOW","cart":[{"product_id":1,"variant_id":1,"qty":1,"unit_price":9000}],"user_id":1}}
{"timestamp":"2026-05-27T10:11:31+00:00","message":"Order creation failed","context":{"error":"SQLSTATE[HY000]: General error: 1 no such function: NOW","cart":[{"product_id":1,"variant_id":1,"qty":100,"unit_price":9000}],"user_id":1}}
{"timestamp":"2026-05-27T10:11:31+00:00","message":"Order creation failed","context":{"error":"SQLSTATE[HY000]: General error: 1 no such function: NOW","cart":[{"product_id":1,"variant_id":1,"qty":8,"unit_price":9000}],"user_id":1}}
{"timestamp":"2026-05-27T10:11:31+00:00","message":"Order creation failed","context":{"error":"SQLSTATE[HY000]: General error: 1 no such function: NOW","cart":[{"product_id":1,"variant_id":1,"qty":5,"unit_price":9000}],"user_id":2}}
{"timestamp":"2026-05-27T10:11:31+00:00","message":"Order creation failed","context":{"error":"SQLSTATE[HY000]: General error: 1 no such function: NOW","cart":[{"product_id":1,"variant_id":1,"qty":2,"unit_price":9000}],"user_id":1}}
{"timestamp":"2026-05-27T10:11:31+00:00","message":"Order creation failed","context":{"error":"SQLSTATE[HY000]: General error: 1 no such function: NOW","cart":[{"product_id":1,"variant_id":1,"qty":3,"unit_price":9000}],"user_id":1}}
{"timestamp":"2026-05-27T10:11:31+00:00","message":"Order creation failed","context":{"error":"SQLSTATE[HY000]: General error: 1 no such function: NOW","cart":[{"product_id":1,"variant_id":1,"qty":1,"unit_price":9000}],"user_id":1}}
{"timestamp":"2026-05-27T10:12:42+00:00","message":"Order creation failed","context":{"error":"SQLSTATE[HY000]: General error: 1 no such function: NOW","cart":[{"product_id":1,"variant_id":1,"qty":1,"unit_price":9000}],"user_id":1}}
{"timestamp":"2026-05-27T10:12:42+00:00","message":"Order creation failed","context":{"error":"SQLSTATE[HY000]: General error: 1 no such function: NOW","cart":[{"product_id":1,"variant_id":1,"qty":100,"unit_price":9000}],"user_id":1}}
{"timestamp":"2026-05-27T10:12:42+00:00","message":"Order creation failed","context":{"error":"SQLSTATE[HY000]: General error: 1 no such function: NOW","cart":[{"product_id":1,"variant_id":1,"qty":8,"unit_price":9000}],"user_id":1}}
{"timestamp":"2026-05-27T10:12:42+00:00","message":"Order creation failed","context":{"error":"SQLSTATE[HY000]: General error: 1 no such function: NOW","cart":[{"product_id":1,"variant_id":1,"qty":5,"unit_price":9000}],"user_id":2}}
{"timestamp":"2026-05-27T10:12:42+00:00","message":"Order creation failed","context":{"error":"SQLSTATE[HY000]: General error: 1 no such function: NOW","cart":[{"product_id":1,"variant_id":1,"qty":2,"unit_price":9000}],"user_id":1}}
{"timestamp":"2026-05-27T10:12:42+00:00","message":"Order creation failed","context":{"error":"SQLSTATE[HY000]: General error: 1 no such function: NOW","cart":[{"product_id":1,"variant_id":1,"qty":3,"unit_price":9000}],"user_id":1}}
{"timestamp":"2026-05-27T10:12:42+00:00","message":"Order creation failed","context":{"error":"SQLSTATE[HY000]: General error: 1 no such function: NOW","cart":[{"product_id":1,"variant_id":1,"qty":1,"unit_price":9000}],"user_id":1}}
{"timestamp":"2026-05-27T10:13:08+00:00","message":"Order creation failed","context":{"error":"SQLSTATE[HY000]: General error: 1 no such function: NOW","cart":[{"product_id":1,"variant_id":1,"qty":1,"unit_price":9000}],"user_id":1}}
{"timestamp":"2026-05-27T10:13:08+00:00","message":"Order creation failed","context":{"error":"SQLSTATE[HY000]: General error: 1 no such function: NOW","cart":[{"product_id":1,"variant_id":1,"qty":100,"unit_price":9000}],"user_id":1}}
{"timestamp":"2026-05-27T10:13:08+00:00","message":"Order creation failed","context":{"error":"SQLSTATE[HY000]: General error: 1 no such function: NOW","cart":[{"product_id":1,"variant_id":1,"qty":8,"unit_price":9000}],"user_id":1}}
{"timestamp":"2026-05-27T10:13:08+00:00","message":"Order creation failed","context":{"error":"SQLSTATE[HY000]: General error: 1 no such function: NOW","cart":[{"product_id":1,"variant_id":1,"qty":5,"unit_price":9000}],"user_id":2}}
{"timestamp":"2026-05-27T10:13:08+00:00","message":"Order creation failed","context":{"error":"SQLSTATE[HY000]: General error: 1 no such function: NOW","cart":[{"product_id":1,"variant_id":1,"qty":2,"unit_price":9000}],"user_id":1}}
{"timestamp":"2026-05-27T10:13:08+00:00","message":"Order creation failed","context":{"error":"SQLSTATE[HY000]: General error: 1 no such function: NOW","cart":[{"product_id":1,"variant_id":1,"qty":3,"unit_price":9000}],"user_id":1}}
{"timestamp":"2026-05-27T10:13:08+00:00","message":"Order creation failed","context":{"error":"SQLSTATE[HY000]: General error: 1 no such function: NOW","cart":[{"product_id":1,"variant_id":1,"qty":1,"unit_price":9000}],"user_id":1}}
{"timestamp":"2026-05-27T10:14:08+00:00","message":"Order creation failed","context":{"error":"Insufficient stock for selected variant.","cart":[{"product_id":1,"variant_id":1,"qty":5,"unit_price":9000}],"user_id":2}}
{"timestamp":"2026-05-27T10:14:08+00:00","message":"Order cancellation failed","context":{"order_id":"6","error":"Call to undefined method TestOrderController::restoreStockForOrder()"}}
{"timestamp":"2026-05-27T10:14:27+00:00","message":"Order creation failed","context":{"error":"Call to undefined method class@anonymous::create()","cart":[{"product_id":1,"variant_id":1,"qty":1,"unit_price":9000}],"user_id":1}}
{"timestamp":"2026-05-27T10:14:27+00:00","message":"Order creation failed","context":{"error":"Call to undefined method class@anonymous::create()","cart":[{"product_id":1,"variant_id":1,"qty":100,"unit_price":9000}],"user_id":1}}
{"timestamp":"2026-05-27T10:14:27+00:00","message":"Order creation failed","context":{"error":"Call to undefined method class@anonymous::create()","cart":[{"product_id":1,"variant_id":1,"qty":8,"unit_price":9000}],"user_id":1}}
{"timestamp":"2026-05-27T10:14:27+00:00","message":"Order creation failed","context":{"error":"Call to undefined method class@anonymous::create()","cart":[{"product_id":1,"variant_id":1,"qty":5,"unit_price":9000}],"user_id":2}}
{"timestamp":"2026-05-27T10:14:27+00:00","message":"Order creation failed","context":{"error":"Call to undefined method class@anonymous::create()","cart":[{"product_id":1,"variant_id":1,"qty":2,"unit_price":9000}],"user_id":1}}
{"timestamp":"2026-05-27T10:14:27+00:00","message":"Order creation failed","context":{"error":"Call to undefined method class@anonymous::create()","cart":[{"product_id":1,"variant_id":1,"qty":3,"unit_price":9000}],"user_id":1}}
{"timestamp":"2026-05-27T10:14:27+00:00","message":"Order creation failed","context":{"error":"Call to undefined method class@anonymous::create()","cart":[{"product_id":1,"variant_id":1,"qty":1,"unit_price":9000}],"user_id":1}}
{"timestamp":"2026-05-27T10:14:46+00:00","message":"Order creation failed","context":{"error":"Insufficient stock for selected variant.","cart":[{"product_id":1,"variant_id":1,"qty":5,"unit_price":9000}],"user_id":2}}
{"timestamp":"2026-05-27T10:14:46+00:00","message":"Order cancellation failed","context":{"order_id":"6","error":"Call to undefined method TestOrderController::restoreStockForOrder()"}}
{"timestamp":"2026-05-27T10:15:05+00:00","message":"Order creation failed","context":{"error":"Insufficient stock for selected variant.","cart":[{"product_id":1,"variant_id":1,"qty":5,"unit_price":9000}],"user_id":2}}
{"timestamp":"2026-05-27T10:15:05+00:00","message":"Order cancellation failed","context":{"order_id":"6","error":"Call to undefined method TestOrderController::restoreStockForOrder()"}}
{"timestamp":"2026-05-27T10:15:21+00:00","message":"Order creation failed","context":{"error":"Insufficient stock for selected variant.","cart":[{"product_id":1,"variant_id":1,"qty":5,"unit_price":9000}],"user_id":2}}
{"timestamp":"2026-05-27T10:15:21+00:00","message":"Order cancellation failed","context":{"order_id":"6","error":"Call to undefined method TestOrderController::restoreStockForOrder()"}}
