{"timestamp":"2026-05-27T10:14:08+00:00","message":"Payment request queued","context":{"order_id":"1","payment_reference":"PAY-DFS-20260527101408-1C89-FB79E6","provider":"mobile_money"}}
{"timestamp":"2026-05-27T10:14:08+00:00","message":"Payment request queued","context":{"order_id":"2","payment_reference":"PAY-DFS-20260527101408-6977-695EA2","provider":"mobile_money"}}
{"timestamp":"2026-05-27T10:14:08+00:00","message":"Payment request queued","context":{"order_id":"3","payment_reference":"PAY-DFS-20260527101408-7E13-16B1AB","provider":"mobile_money"}}
{"timestamp":"2026-05-27T10:14:08+00:00","message":"Payment request queued","context":{"order_id":"4","payment_reference":"PAY-DFS-20260527101408-AF16-2536A0","provider":"mobile_money"}}
{"timestamp":"2026-05-27T10:14:08+00:00","message":"Payment request queued","context":{"order_id":"5","payment_reference":"PAY-DFS-20260527101408-653C-A581EA","provider":"mobile_money"}}
{"timestamp":"2026-05-27T10:14:08+00:00","message":"Payment request queued","context":{"order_id":"6","payment_reference":"PAY-DFS-20260527101408-0C5C-08AC68","provider":"mobile_money"}}
{"timestamp":"2026-05-27T10:14:08+00:00","message":"Payment request queued","context":{"order_id":"7","payment_reference":"PAY-DFS-20260527101408-2E01-5A764C","provider":"mobile_money"}}
{"timestamp":"2026-05-27T10:14:46+00:00","message":"Payment request queued","context":{"order_id":"1","payment_reference":"PAY-DFS-20260527101446-146D-A65857","provider":"mobile_money"}}
{"timestamp":"2026-05-27T10:14:46+00:00","message":"Payment request queued","context":{"order_id":"2","payment_reference":"PAY-DFS-20260527101446-20D3-EAF519","provider":"mobile_money"}}
{"timestamp":"2026-05-27T10:14:46+00:00","message":"Payment request queued","context":{"order_id":"3","payment_reference":"PAY-DFS-20260527101446-A353-F7B371","provider":"mobile_money"}}
{"timestamp":"2026-05-27T10:14:46+00:00","message":"Payment request queued","context":{"order_id":"4","payment_reference":"PAY-DFS-20260527101446-3C91-E3A914","provider":"mobile_money"}}
{"timestamp":"2026-05-27T10:14:46+00:00","message":"Payment request queued","context":{"order_id":"5","payment_reference":"PAY-DFS-20260527101446-C9C3-3ED4B9","provider":"mobile_money"}}
{"timestamp":"2026-05-27T10:14:46+00:00","message":"Payment request queued","context":{"order_id":"6","payment_reference":"PAY-DFS-20260527101446-92D4-E88097","provider":"mobile_money"}}
{"timestamp":"2026-05-27T10:14:46+00:00","message":"Payment request queued","context":{"order_id":"7","payment_reference":"PAY-DFS-20260527101446-679D-7A3E8F","provider":"mobile_money"}}
{"timestamp":"2026-05-27T10:15:05+00:00","message":"Payment request queued","context":{"order_id":"1","payment_reference":"PAY-DFS-20260527101505-F8EB-416C04","provider":"mobile_money"}}
{"timestamp":"2026-05-27T10:15:05+00:00","message":"Payment request queued","context":{"order_id":"2","payment_reference":"PAY-DFS-20260527101505-A464-465C9F","provider":"mobile_money"}}
{"timestamp":"2026-05-27T10:15:05+00:00","message":"Payment request queued","context":{"order_id":"3","payment_reference":"PAY-DFS-20260527101505-3849-D7AD11","provider":"mobile_money"}}
{"timestamp":"2026-05-27T10:15:05+00:00","message":"Payment request queued","context":{"order_id":"4","payment_reference":"PAY-DFS-20260527101505-44FA-D846A2","provider":"mobile_money"}}
{"timestamp":"2026-05-27T10:15:05+00:00","message":"Payment request queued","context":{"order_id":"5","payment_reference":"PAY-DFS-20260527101505-3196-8ED98B","provider":"mobile_money"}}
{"timestamp":"2026-05-27T10:15:05+00:00","message":"Payment request queued","context":{"order_id":"6","payment_reference":"PAY-DFS-20260527101505-ABB0-180BF6","provider":"mobile_money"}}
{"timestamp":"2026-05-27T10:15:05+00:00","message":"Payment request queued","context":{"order_id":"7","payment_reference":"PAY-DFS-20260527101505-B104-5B91CB","provider":"mobile_money"}}
{"timestamp":"2026-05-27T10:15:21+00:00","message":"Payment request queued","context":{"order_id":"1","payment_reference":"PAY-DFS-20260527101521-E658-11D19A","provider":"mobile_money"}}
{"timestamp":"2026-05-27T10:15:21+00:00","message":"Payment request queued","context":{"order_id":"2","payment_reference":"PAY-DFS-20260527101521-7676-BE62CF","provider":"mobile_money"}}
{"timestamp":"2026-05-27T10:15:21+00:00","message":"Payment request queued","context":{"order_id":"3","payment_reference":"PAY-DFS-20260527101521-8847-3FC3E2","provider":"mobile_money"}}
{"timestamp":"2026-05-27T10:15:21+00:00","message":"Payment request queued","context":{"order_id":"4","payment_reference":"PAY-DFS-20260527101521-1A5C-712CC6","provider":"mobile_money"}}
{"timestamp":"2026-05-27T10:15:21+00:00","message":"Payment request queued","context":{"order_id":"5","payment_reference":"PAY-DFS-20260527101521-6AF4-9D18AE","provider":"mobile_money"}}
{"timestamp":"2026-05-27T10:15:21+00:00","message":"Payment request queued","context":{"order_id":"6","payment_reference":"PAY-DFS-20260527101521-A854-33334E","provider":"mobile_money"}}
{"timestamp":"2026-05-27T10:15:21+00:00","message":"Payment request queued","context":{"order_id":"7","payment_reference":"PAY-DFS-20260527101521-0AF6-85BC94","provider":"mobile_money"}}
