Dar Fashion Store error log.

Development note:
- PHP database connection errors are written through error_log().
- Keep this file for troubleshooting during local presentation.
[25-May-2026 21:17:35 UTC] Activity log error: SQLSTATE[42S02]: Base table or view not found: 1146 Table 'fashion_storedb.user_activities' doesn't exist
[25-May-2026 21:18:05 UTC] Activity log error: SQLSTATE[42S02]: Base table or view not found: 1146 Table 'fashion_storedb.user_activities' doesn't exist
[25-May-2026 21:18:19 UTC] Activity log error: SQLSTATE[42S02]: Base table or view not found: 1146 Table 'fashion_storedb.user_activities' doesn't exist
[25-May-2026 21:18:39 UTC] Activity log error: SQLSTATE[42S02]: Base table or view not found: 1146 Table 'fashion_storedb.user_activities' doesn't exist
[25-May-2026 21:18:47 UTC] Activity log error: SQLSTATE[42S02]: Base table or view not found: 1146 Table 'fashion_storedb.user_activities' doesn't exist
[25-May-2026 21:18:53 UTC] PHP Fatal error:  Uncaught PDOException: SQLSTATE[42S02]: Base table or view not found: 1146 Table 'fashion_storedb.user_wishlist' doesn't exist in C:\Users\denis\OneDrive\Desktop\dar-fashion-store\public\profile.php:56
Stack trace:
#0 C:\Users\denis\OneDrive\Desktop\dar-fashion-store\public\profile.php(56): PDOStatement->execute()
#1 {main}
  thrown in C:\Users\denis\OneDrive\Desktop\dar-fashion-store\public\profile.php on line 56
[25-May-2026 21:28:56 UTC] Get recent activities error: SQLSTATE[42000]: Syntax error or access violation: 1064 You have an error in your SQL syntax; check the manual that corresponds to your MySQL server version for the right syntax to use near ''10'' at line 18
[25-May-2026 21:28:56 UTC] Get online users error: SQLSTATE[42000]: Syntax error or access violation: 1055 Expression #1 of ORDER BY clause is not in GROUP BY clause and contains nonaggregated column 'fashion_storedb.ua.created_at' which is not functionally dependent on columns in GROUP BY clause; this is incompatible with sql_mode=only_full_group_by
[25-May-2026 21:32:02 UTC] Get online users error: SQLSTATE[42000]: Syntax error or access violation: 1055 Expression #1 of ORDER BY clause is not in GROUP BY clause and contains nonaggregated column 'fashion_storedb.ua.created_at' which is not functionally dependent on columns in GROUP BY clause; this is incompatible with sql_mode=only_full_group_by
[25-May-2026 21:32:02 UTC] Get user activities error: SQLSTATE[42000]: Syntax error or access violation: 1064 You have an error in your SQL syntax; check the manual that corresponds to your MySQL server version for the right syntax to use near ''5'' at line 10
[25-May-2026 21:32:02 UTC] Get user activities error: SQLSTATE[42000]: Syntax error or access violation: 1064 You have an error in your SQL syntax; check the manual that corresponds to your MySQL server version for the right syntax to use near ''5'' at line 10
[25-May-2026 21:32:02 UTC] Get user activities error: SQLSTATE[42000]: Syntax error or access violation: 1064 You have an error in your SQL syntax; check the manual that corresponds to your MySQL server version for the right syntax to use near ''5'' at line 10
[25-May-2026 21:32:02 UTC] Get user activities error: SQLSTATE[42000]: Syntax error or access violation: 1064 You have an error in your SQL syntax; check the manual that corresponds to your MySQL server version for the right syntax to use near ''5'' at line 10
[25-May-2026 21:35:05 UTC] Get recent activities error: SQLSTATE[42000]: Syntax error or access violation: 1064 You have an error in your SQL syntax; check the manual that corresponds to your MySQL server version for the right syntax to use near ''10'' at line 18
[25-May-2026 21:35:05 UTC] Get online users error: SQLSTATE[42000]: Syntax error or access violation: 1055 Expression #1 of ORDER BY clause is not in GROUP BY clause and contains nonaggregated column 'fashion_storedb.ua.created_at' which is not functionally dependent on columns in GROUP BY clause; this is incompatible with sql_mode=only_full_group_by
[25-May-2026 21:35:06 UTC] Get recent activities error: SQLSTATE[42000]: Syntax error or access violation: 1064 You have an error in your SQL syntax; check the manual that corresponds to your MySQL server version for the right syntax to use near ''10'' at line 18
[25-May-2026 21:35:06 UTC] Get online users error: SQLSTATE[42000]: Syntax error or access violation: 1055 Expression #1 of ORDER BY clause is not in GROUP BY clause and contains nonaggregated column 'fashion_storedb.ua.created_at' which is not functionally dependent on columns in GROUP BY clause; this is incompatible with sql_mode=only_full_group_by
[25-May-2026 21:35:07 UTC] Get recent activities error: SQLSTATE[42000]: Syntax error or access violation: 1064 You have an error in your SQL syntax; check the manual that corresponds to your MySQL server version for the right syntax to use near ''100'' at line 18
[25-May-2026 21:35:14 UTC] Get recent activities error: SQLSTATE[42000]: Syntax error or access violation: 1064 You have an error in your SQL syntax; check the manual that corresponds to your MySQL server version for the right syntax to use near ''100'' at line 18
[25-May-2026 21:35:15 UTC] Get recent activities error: SQLSTATE[42000]: Syntax error or access violation: 1064 You have an error in your SQL syntax; check the manual that corresponds to your MySQL server version for the right syntax to use near ''100'' at line 18
[25-May-2026 21:35:16 UTC] Get recent activities error: SQLSTATE[42000]: Syntax error or access violation: 1064 You have an error in your SQL syntax; check the manual that corresponds to your MySQL server version for the right syntax to use near ''100'' at line 18
[25-May-2026 21:35:17 UTC] Get recent activities error: SQLSTATE[42000]: Syntax error or access violation: 1064 You have an error in your SQL syntax; check the manual that corresponds to your MySQL server version for the right syntax to use near ''100'' at line 18
[25-May-2026 21:35:26 UTC] Get recent activities error: SQLSTATE[42000]: Syntax error or access violation: 1064 You have an error in your SQL syntax; check the manual that corresponds to your MySQL server version for the right syntax to use near ''100'' at line 18
[25-May-2026 21:35:54 UTC] Get recent activities error: SQLSTATE[42000]: Syntax error or access violation: 1064 You have an error in your SQL syntax; check the manual that corresponds to your MySQL server version for the right syntax to use near ''10'' at line 18
[25-May-2026 21:35:54 UTC] Get online users error: SQLSTATE[42000]: Syntax error or access violation: 1055 Expression #1 of ORDER BY clause is not in GROUP BY clause and contains nonaggregated column 'fashion_storedb.ua.created_at' which is not functionally dependent on columns in GROUP BY clause; this is incompatible with sql_mode=only_full_group_by
[25-May-2026 22:13:59 UTC] Get recent activities error: SQLSTATE[42000]: Syntax error or access violation: 1064 You have an error in your SQL syntax; check the manual that corresponds to your MySQL server version for the right syntax to use near ''8'' at line 18
[25-May-2026 22:13:59 UTC] Get online users error: SQLSTATE[42000]: Syntax error or access violation: 1055 Expression #1 of ORDER BY clause is not in GROUP BY clause and contains nonaggregated column 'fashion_storedb.ua.created_at' which is not functionally dependent on columns in GROUP BY clause; this is incompatible with sql_mode=only_full_group_by
[25-May-2026 22:15:16 UTC] Get recent activities error: SQLSTATE[42000]: Syntax error or access violation: 1064 You have an error in your SQL syntax; check the manual that corresponds to your MySQL server version for the right syntax to use near ''100'' at line 18
[25-May-2026 22:15:19 UTC] Get recent activities error: SQLSTATE[42000]: Syntax error or access violation: 1064 You have an error in your SQL syntax; check the manual that corresponds to your MySQL server version for the right syntax to use near ''100'' at line 18
[25-May-2026 22:15:22 UTC] Get recent activities error: SQLSTATE[42000]: Syntax error or access violation: 1064 You have an error in your SQL syntax; check the manual that corresponds to your MySQL server version for the right syntax to use near ''100'' at line 18
[25-May-2026 22:15:23 UTC] Get recent activities error: SQLSTATE[42000]: Syntax error or access violation: 1064 You have an error in your SQL syntax; check the manual that corresponds to your MySQL server version for the right syntax to use near ''100'' at line 18
[25-May-2026 22:15:25 UTC] Get recent activities error: SQLSTATE[42000]: Syntax error or access violation: 1064 You have an error in your SQL syntax; check the manual that corresponds to your MySQL server version for the right syntax to use near ''100'' at line 18
[25-May-2026 22:15:26 UTC] Get recent activities error: SQLSTATE[42000]: Syntax error or access violation: 1064 You have an error in your SQL syntax; check the manual that corresponds to your MySQL server version for the right syntax to use near ''100'' at line 18
[25-May-2026 22:16:03 UTC] Get recent activities error: SQLSTATE[42000]: Syntax error or access violation: 1064 You have an error in your SQL syntax; check the manual that corresponds to your MySQL server version for the right syntax to use near ''8'' at line 18
[25-May-2026 22:16:03 UTC] Get online users error: SQLSTATE[42000]: Syntax error or access violation: 1055 Expression #1 of ORDER BY clause is not in GROUP BY clause and contains nonaggregated column 'fashion_storedb.ua.created_at' which is not functionally dependent on columns in GROUP BY clause; this is incompatible with sql_mode=only_full_group_by
[25-May-2026 22:16:31 UTC] PHP Fatal error:  Uncaught PDOException: SQLSTATE[42S22]: Column not found: 1054 Unknown column 'delivery_company' in 'field list' in C:\Users\denis\OneDrive\Desktop\dar-fashion-store\admin\orders\view.php:41
Stack trace:
#0 C:\Users\denis\OneDrive\Desktop\dar-fashion-store\admin\orders\view.php(41): PDOStatement->execute()
#1 {main}
  thrown in C:\Users\denis\OneDrive\Desktop\dar-fashion-store\admin\orders\view.php on line 41
[25-May-2026 22:16:39 UTC] Get online users error: SQLSTATE[42000]: Syntax error or access violation: 1055 Expression #1 of ORDER BY clause is not in GROUP BY clause and contains nonaggregated column 'fashion_storedb.ua.created_at' which is not functionally dependent on columns in GROUP BY clause; this is incompatible with sql_mode=only_full_group_by
[25-May-2026 22:16:44 UTC] Get online users error: SQLSTATE[42000]: Syntax error or access violation: 1055 Expression #1 of ORDER BY clause is not in GROUP BY clause and contains nonaggregated column 'fashion_storedb.ua.created_at' which is not functionally dependent on columns in GROUP BY clause; this is incompatible with sql_mode=only_full_group_by
[25-May-2026 22:16:44 UTC] Get user activities error: SQLSTATE[42000]: Syntax error or access violation: 1064 You have an error in your SQL syntax; check the manual that corresponds to your MySQL server version for the right syntax to use near ''10'' at line 10
[25-May-2026 22:16:59 UTC] Get online users error: SQLSTATE[42000]: Syntax error or access violation: 1055 Expression #1 of ORDER BY clause is not in GROUP BY clause and contains nonaggregated column 'fashion_storedb.ua.created_at' which is not functionally dependent on columns in GROUP BY clause; this is incompatible with sql_mode=only_full_group_by
[25-May-2026 22:16:59 UTC] Get user activities error: SQLSTATE[42000]: Syntax error or access violation: 1064 You have an error in your SQL syntax; check the manual that corresponds to your MySQL server version for the right syntax to use near ''10'' at line 10
